        Info Looking up installed tauri packages to check mismatched versions...
     Running beforeBuildCommand `pnpm build`

> cognia@0.1.0 build D:\Project\Cognia
> next build

▲ Next.js 16.1.6 (Turbopack)

  Creating an optimized production build ...
✓ Compiled successfully in 68s
  Running TypeScript ...
  Collecting page data using 19 workers ...
  Generating static pages using 19 workers (0/50) ...
  Generating static pages using 19 workers (12/50) 
  Generating static pages using 19 workers (24/50) 
  Generating static pages using 19 workers (37/50) 
✓ Generating static pages using 19 workers (50/50) in 4.9s
  Finalizing page optimization ...

Route (app)
┌ ○ /
├ ○ /_not-found
├ ○ /academic
├ ƒ /api/chat-widget
├ ƒ /api/enhance-builtin-prompt
├ ƒ /api/generate-preset
├ ○ /api/oauth/openrouter/callback
├ ƒ /api/oauth/openrouter/exchange
├ ƒ /api/optimize-prompt
├ ƒ /api/prompt-self-optimize
├ ƒ /api/scrape
├ ƒ /api/scrape/bulk
├ ƒ /api/search
├ ƒ /api/search-and-scrape
├ ƒ /api/search/test-connection
├ ƒ /api/speech
├ ƒ /api/tts/edge
├ ƒ /api/tts/elevenlabs
├ ƒ /api/tts/gemini
├ ƒ /api/tts/hume
├ ƒ /api/tts/lmnt
├ ƒ /api/tts/openai
├ ○ /arena
├ ○ /assistant-bubble
├ ○ /chat-widget
├ ○ /designer
├ ○ /git
├ ○ /image-studio
├ ○ /latex
├ ○ /native-tools
├ ○ /notebook
├ ○ /observability
├ ○ /ppt
├ ○ /projects
├ ○ /recording-toolbar
├ ○ /region-selector
├ ○ /sandbox
├ ● /sandbox/session/[id]
│ └ /sandbox/session/_placeholder
├ ○ /sandbox/sessions
├ ○ /scheduler
├ ○ /selection-toolbar
├ ○ /settings
├ ○ /skills
├ ○ /speedpass
├ ● /speedpass/tutorial/[id]
│ └ /speedpass/tutorial/_placeholder
├ ○ /splashscreen
├ ○ /video-studio
└ ○ /workflows


○  (Static)   prerendered as static content
●  (SSG)      prerendered as static HTML (uses generateStaticParams)
ƒ  (Dynamic)  server-rendered on demand

   Compiling proc-macro2 v1.0.106
   Compiling quote v1.0.44
   Compiling unicode-ident v1.0.22
   Compiling cfg-if v1.0.4
   Compiling serde_core v1.0.228
   Compiling zerocopy v0.8.39
   Compiling getrandom v0.3.4
   Compiling serde v1.0.228
   Compiling parking_lot_core v0.9.12
   Compiling autocfg v1.5.0
   Compiling version_check v0.9.5
   Compiling shlex v1.3.0
   Compiling find-msvc-tools v0.1.9
   Compiling icu_properties_data v2.1.2
   Compiling icu_normalizer_data v2.1.1
   Compiling memchr v2.8.0
   Compiling thiserror v2.0.18
   Compiling windows-link v0.2.1
   Compiling getrandom v0.2.17
   Compiling zmij v1.0.19
   Compiling stable_deref_trait v1.2.1
   Compiling anyhow v1.0.101
   Compiling itoa v1.0.17
   Compiling rand_core v0.6.4
   Compiling siphasher v1.0.2
   Compiling thiserror v1.0.69
   Compiling smallvec v1.15.1
   Compiling phf_shared v0.11.3
   Compiling log v0.4.29
   Compiling siphasher v0.3.11
   Compiling typenum v1.19.0
   Compiling equivalent v1.0.2
   Compiling foldhash v0.2.0
   Compiling syn v1.0.109
   Compiling getrandom v0.1.16
   Compiling allocator-api2 v0.2.21
   Compiling percent-encoding v2.3.2
   Compiling utf-8 v0.7.6
   Compiling fnv v1.0.7
   Compiling typeid v1.0.3
   Compiling windows_x86_64_msvc v0.52.6
   Compiling erased-serde v0.4.9
   Compiling writeable v0.6.2
   Compiling ident_case v1.0.1
   Compiling bytes v1.11.1
   Compiling litemap v0.8.1
   Compiling strsim v0.11.1
   Compiling libc v0.2.180
   Compiling phf_shared v0.8.0
   Compiling hashbrown v0.16.1
   Compiling jobserver v0.1.34
   Compiling proc-macro-hack v0.5.20+deprecated
   Compiling phf_shared v0.10.0
   Compiling new_debug_unreachable v1.0.6
   Compiling byteorder v1.5.0
   Compiling serde_json v1.0.149
   Compiling rand_core v0.5.1
   Compiling cc v1.2.55
   Compiling scopeguard v1.2.0
   Compiling windows-sys v0.61.2
   Compiling lock_api v0.4.14
   Compiling mac v0.1.1
   Compiling winnow v0.7.14
   Compiling precomputed-hash v0.1.1
   Compiling utf8_iter v1.0.4
   Compiling rand_pcg v0.2.1
   Compiling futf v0.1.5
   Compiling bitflags v1.3.2
   Compiling http v1.4.0
   Compiling parking_lot v0.12.5
   Compiling toml_writer v1.0.6+spec-1.1.0
   Compiling dtoa v1.0.11
   Compiling tendril v0.4.3
   Compiling form_urlencoded v1.2.2
   Compiling aho-corasick v1.1.4
   Compiling indexmap v1.9.3
   Compiling dtoa-short v0.3.5
   Compiling camino v1.2.2
   Compiling indexmap v2.13.0
   Compiling alloc-no-stdlib v2.0.4
   Compiling convert_case v0.4.0
   Compiling matches v0.1.10
   Compiling syn v2.0.114
   Compiling nodrop v0.1.14
   Compiling regex-syntax v0.8.9
   Compiling unic-char-range v0.9.0
   Compiling unic-common v0.9.0
   Compiling unic-ucd-version v0.9.0
   Compiling unic-char-property v0.9.0
   Compiling servo_arc v0.2.0
   Compiling alloc-stdlib v0.2.2
   Compiling fxhash v0.2.1
   Compiling phf v0.8.0
   Compiling schemars v0.8.22
   Compiling hashbrown v0.12.3
   Compiling semver v1.0.27
   Compiling serde_spanned v1.0.4
   Compiling toml_datetime v0.7.5+spec-1.1.0
   Compiling uuid v1.20.0
   Compiling winapi-util v0.1.11
   Compiling toml_parser v1.0.6+spec-1.1.0
   Compiling brotli-decompressor v5.0.0
   Compiling same-file v1.0.6
   Compiling unic-ucd-ident v0.9.0
   Compiling dunce v1.0.5
   Compiling dyn-clone v1.0.20
   Compiling walkdir v2.5.0
   Compiling glob v0.3.3
   Compiling pin-project-lite v0.2.16
   Compiling value-bag v1.12.0
   Compiling cfb v0.7.3
   Compiling toml v0.9.11+spec-1.1.0
   Compiling serde-untagged v0.1.9
   Compiling windows_x86_64_msvc v0.53.1
   Compiling once_cell v1.21.3
   Compiling rustc_version v0.4.1
   Compiling generic-array v0.14.7
   Compiling ppv-lite86 v0.2.21
   Compiling infer v0.19.0
   Compiling brotli v8.0.2
   Compiling regex-automata v0.4.14
   Compiling vswhom-sys v0.1.3
   Compiling crc32fast v1.5.0
   Compiling windows-targets v0.52.6
   Compiling windows-sys v0.59.0
   Compiling tracing-core v0.1.36
   Compiling option-ext v0.2.0
   Compiling rand_chacha v0.3.1
   Compiling rand_chacha v0.2.2
   Compiling dirs-sys v0.5.0
   Compiling bitflags v2.10.0
   Compiling heck v0.5.0
   Compiling rand v0.8.5
   Compiling rand v0.7.3
   Compiling windows-targets v0.53.5
   Compiling windows-sys v0.60.2
   Compiling dirs v6.0.0
   Compiling pkg-config v0.3.32
   Compiling futures-core v0.3.31
   Compiling windows-link v0.1.3
   Compiling subtle v2.6.1
   Compiling simd-adler32 v0.3.8
   Compiling windows-result v0.3.4
   Compiling windows-strings v0.4.2
   Compiling synstructure v0.13.2
   Compiling darling_core v0.21.3
   Compiling phf_generator v0.8.0
   Compiling serde_derive_internals v0.29.1
   Compiling phf_generator v0.11.3
   Compiling phf_generator v0.10.0
   Compiling phf_codegen v0.8.0
   Compiling string_cache_codegen v0.5.4
   Compiling phf_codegen v0.11.3
   Compiling adler2 v2.0.1
   Compiling selectors v0.24.0
   Compiling miniz_oxide v0.8.9
   Compiling crossbeam-utils v0.8.21
   Compiling zlib-rs v0.6.0
   Compiling markup5ever v0.14.1
   Compiling windows-threading v0.1.0
   Compiling base64 v0.22.1
   Compiling futures-sink v0.3.31
   Compiling const-oid v0.9.6
   Compiling mime v0.3.17
   Compiling regex v1.12.3
   Compiling winreg v0.55.0
   Compiling phf_macros v0.10.0
   Compiling cssparser v0.29.6
   Compiling vswhom v0.1.0
   Compiling embed-resource v3.0.6
   Compiling futures-io v0.3.31
   Compiling serde_derive v1.0.228
   Compiling zerofrom-derive v0.1.6
   Compiling yoke-derive v0.8.1
   Compiling zerovec-derive v0.11.2
   Compiling displaydoc v0.2.5
   Compiling thiserror-impl v2.0.18
   Compiling thiserror-impl v1.0.69
   Compiling phf_macros v0.11.3
   Compiling ctor v0.2.9
   Compiling darling_macro v0.21.3
   Compiling cssparser-macros v0.6.1
   Compiling derive_more v0.99.20
   Compiling match_token v0.1.0
   Compiling phf v0.10.1
   Compiling schemars_derive v0.8.22
   Compiling zerofrom v0.1.6
   Compiling zeroize_derive v1.4.3
   Compiling socket2 v0.6.2
   Compiling mio v1.1.1
   Compiling tokio-macros v2.6.0
   Compiling yoke v0.8.1
   Compiling tracing-attributes v0.1.31
   Compiling zerovec v0.11.5
   Compiling phf v0.11.3
   Compiling tauri-winres v0.3.5
   Compiling zerotrie v0.2.3
   Compiling darling v0.21.3
   Compiling windows-implement v0.60.2
   Compiling windows-interface v0.59.3
   Compiling serde_with_macros v3.16.1
   Compiling flate2 v1.1.9
   Compiling tinystr v0.8.2
   Compiling potential_utf v0.1.4
   Compiling tokio v1.49.0
   Compiling icu_locale_core v2.1.1
   Compiling icu_collections v2.1.1
   Compiling raw-window-handle v0.6.2
   Compiling windows-core v0.61.2
   Compiling lazy_static v1.5.0
   Compiling slab v0.4.12
   Compiling num-conv v0.2.0
   Compiling time-core v0.1.8
   Compiling powerfmt v0.2.0
   Compiling webview2-com-sys v0.38.2
   Compiling string_cache v0.8.9
   Compiling cargo-platform v0.1.9
   Compiling jsonptr v0.6.3
   Compiling zeroize v1.8.2
   Compiling tracing v0.1.44
   Compiling cargo_toml v0.22.3
   Compiling cargo_metadata v0.19.2
   Compiling windows-future v0.2.1
   Compiling windows-numerics v0.2.0
   Compiling serde_with v3.16.1
   Compiling windows-collections v0.2.0
   Compiling json-patch v3.0.1
   Compiling deranged v0.5.5
   Compiling dpi v0.1.2
   Compiling time-macros v0.2.27
   Compiling windows v0.61.3
   Compiling futures-channel v0.3.31
   Compiling crypto-common v0.1.7
   Compiling block-buffer v0.10.4
   Compiling windows-version v0.1.7
   Compiling pin-utils v0.1.0
   Compiling html5ever v0.29.1
   Compiling icu_provider v2.1.1
   Compiling unicode-segmentation v1.12.0
   Compiling digest v0.10.7
   Compiling futures-macro v0.3.31
   Compiling crossbeam-channel v0.5.15
   Compiling icu_normalizer v2.1.1
   Compiling icu_properties v2.1.2
   Compiling cookie v0.18.1
   Compiling kuchikiki v0.8.8-speedreader
   Compiling futures-task v0.3.31
   Compiling futures-util v0.3.31
   Compiling webview2-com-macros v0.8.1
   Compiling fdeflate v0.3.7
   Compiling idna_adapter v1.2.1
   Compiling idna v1.1.0
   Compiling time v0.3.47
   Compiling png v0.17.16
   Compiling url v2.5.8
   Compiling urlpattern v0.3.0
   Compiling keyboard-types v0.7.0
   Compiling tauri-runtime v2.10.0
   Compiling tauri-utils v2.8.2
   Compiling vcpkg v0.2.15
   Compiling wry v0.54.1
   Compiling cpufeatures v0.2.17
   Compiling sha2 v0.10.9
   Compiling ico v0.5.0
   Compiling tauri-runtime-wry v2.10.0
   Compiling muda v0.17.1
   Compiling softbuffer v0.4.8
   Compiling serialize-to-javascript-impl v0.1.2
   Compiling tower-service v0.3.3
   Compiling window-vibrancy v0.6.0
   Compiling serde_repr v0.1.20
   Compiling serialize-to-javascript v0.1.2
   Compiling httparse v1.10.1
   Compiling tray-icon v0.21.3
   Compiling block-padding v0.3.3
   Compiling try-lock v0.2.5
   Compiling winapi v0.3.9
   Compiling inout v0.1.4
   Compiling want v0.3.1
   Compiling rustversion v1.0.22
   Compiling tower-layer v0.3.3
   Compiling cipher v0.4.4
   Compiling http v0.2.12
   Compiling hmac v0.12.1
   Compiling base64 v0.21.7
   Compiling num-traits v0.2.19
   Compiling universal-hash v0.5.1
   Compiling tokio-util v0.7.18
   Compiling der v0.7.10
   Compiling windows-sys v0.52.0
   Compiling http-body v0.4.6
   Compiling either v1.15.0
   Compiling opaque-debug v0.3.1
   Compiling windows_x86_64_msvc v0.48.5
   Compiling h2 v0.3.27
   Compiling socket2 v0.5.10
   Compiling itertools v0.12.1
   Compiling signature v2.2.0
   Compiling pin-project-internal v1.1.10
   Compiling ff v0.13.1
   Compiling curve25519-dalek v4.1.3
   Compiling core2 v0.4.0
   Compiling bumpalo v3.19.1
   Compiling base16ct v0.2.0
   Compiling rle-decode-fast v1.0.3
   Compiling httpdate v1.0.3
   Compiling ureq-proto v0.5.3
   Compiling sec1 v0.7.3
   Compiling libflate_lz77 v2.2.0
   Compiling zopfli v0.8.3
   Compiling group v0.13.0
   Compiling prost-derive v0.12.6
   Compiling axum-core v0.3.4
   Compiling axum v0.6.20
   Compiling crypto-bigint v0.5.5
   Compiling async-trait v0.1.89
   Compiling curve25519-dalek-derive v0.1.1
   Compiling filetime v0.2.27
   Compiling adler32 v1.2.0
   Compiling typed-path v0.12.2
   Compiling arrayvec v0.7.6
   Compiling tauri-plugin v2.5.3
   Compiling tauri-build v2.5.5
   Compiling tauri-codegen v2.5.4
   Compiling crunchy v0.2.4
   Compiling pin-project v1.1.10
   Compiling dary_heap v0.3.8
   Compiling libflate v2.2.1
   Compiling tower v0.4.13
   Compiling tar v0.4.44
   Compiling zip v7.4.0
   Compiling prost v0.12.6
   Compiling ureq v3.2.0
   Compiling windows-targets v0.48.5
   Compiling spki v0.7.3
   Compiling hyper v0.14.32
   Compiling elliptic-curve v0.13.8
   Compiling polyval v0.6.2
   Compiling tokio-io-timeout v1.2.1
   Compiling rfc6979 v0.4.0
   Compiling pbkdf2 v0.12.2
   Compiling aes v0.8.4
   Compiling libz-sys v1.1.23
   Compiling aead v0.5.2
   Compiling async-stream-impl v0.3.6
   Compiling http-body v1.0.1
   Compiling tiny-keccak v2.0.2
   Compiling minisign-verify v0.2.4
   Compiling windows_x86_64_msvc v0.36.1
   Compiling sync_wrapper v0.1.2
   Compiling tinyvec_macros v0.1.1
   Compiling matchit v0.7.3
   Compiling tinyvec v1.10.0
   Compiling ecdsa v0.16.9
   Compiling libsodium-sys-stable v1.23.2
   Compiling ghash v0.5.1
   Compiling windows-sys v0.48.0
   Compiling ed25519 v2.2.3
   Compiling poly1305 v0.8.0
   Compiling tokio-stream v0.1.18
   Compiling chacha20 v0.9.1
   Compiling ctr v0.9.2
   Compiling salsa20 v0.10.2
   Compiling async-stream v0.3.6
   Compiling zstd-sys v2.0.16+zstd.1.5.7
   Compiling iota-crypto v0.23.2
   Compiling native-tls v0.2.14
   Compiling atomic-waker v1.1.2
   Compiling aes-gcm v0.10.3
   Compiling h2 v0.4.13
   Compiling chacha20poly1305 v0.10.1
   Compiling scrypt v0.11.0
   Compiling ed25519-zebra v4.1.0
   Compiling k256 v0.13.4
   Compiling unicode-normalization v0.1.25
   Compiling x25519-dalek v2.0.1
   Compiling dirs-sys v0.3.7
   Compiling hkdf v0.12.4
   Compiling libssh2-sys v0.3.1
   Compiling blake2 v0.10.6
   Compiling schannel v0.1.28
   Compiling ahash v0.8.12
   Compiling windows-strings v0.5.1
   Compiling windows-result v0.4.1
   Compiling arrayref v0.3.9
   Compiling paste v1.0.15
   Compiling constant_time_eq v0.4.2
   Compiling iterator-sorted v0.1.0
   Compiling windows-registry v0.6.1
   Compiling blake2b_simd v1.0.4
   Compiling dirs v4.0.0
   Compiling windows v0.36.1
   Compiling dirs-sys-next v0.1.2
   Compiling pxfm v0.1.27
   Compiling notify-types v2.1.0
   Compiling rand_core v0.9.5
   Compiling bzip2-sys v0.1.13+1.0.8
   Compiling lzma-sys v0.1.20
   Compiling sync_wrapper v1.0.2
   Compiling fastrand v2.3.0
   Compiling hyper-timeout v0.4.1
   Compiling zstd-safe v7.2.4
   Compiling winreg v0.10.1
   Compiling http-range-header v0.3.1
   Compiling ryu v1.0.22
   Compiling ipnet v2.11.0
   Compiling rust_decimal v1.40.0
   Compiling tower-http v0.4.4
   Compiling tower v0.5.3
   Compiling hyper v1.8.1
   Compiling notify v8.2.0
   Compiling rand_chacha v0.9.0
   Compiling dirs-next v2.0.0
   Compiling tokio-native-tls v0.3.1
   Compiling png v0.18.0
   Compiling http-body-util v0.1.3
   Compiling tauri v2.10.2
   Compiling tauri-macros v2.5.4
   Compiling tauri-plugin-fs v2.4.5
   Compiling hyper-util v0.1.20
   Compiling tonic v0.10.2
   Compiling stronghold-runtime v2.0.1
   Compiling moxcms v0.7.11
   Compiling tauri-plugin-notification v2.3.3
   Compiling tauri-plugin-devtools v2.0.1
   Compiling tauri-plugin-deep-link v2.4.7
   Compiling tauri-plugin-geolocation v2.3.2
   Compiling tauri-plugin-log v2.8.0
   Compiling tauri-plugin-stronghold v2.3.1
   Compiling tauri-plugin-autostart v2.5.1
   Compiling tauri-plugin-dialog v2.6.0
   Compiling tauri-plugin-shell v2.3.5
   Compiling tauri-plugin-process v2.3.1
   Compiling tauri-plugin-global-shortcut v2.3.1
   Compiling tauri-plugin-opener v2.5.3
   Compiling tauri-plugin-clipboard-manager v2.3.2
   Compiling tauri-plugin-os v2.3.2
   Compiling prost-types v0.12.6
   Compiling futures-executor v0.3.31
   Compiling libsqlite3-sys v0.28.0
   Compiling matchers v0.2.0
   Compiling sharded-slab v0.1.7
   Compiling file-id v0.2.3
   Compiling nu-ansi-term v0.50.3
   Compiling stronghold-derive v1.0.0
   Compiling libgit2-sys v0.17.0+1.8.1
   Compiling windows-result v0.2.0
   Compiling tracing-log v0.2.0
   Compiling quick-xml v0.37.5
   Compiling encoding_rs v0.8.35
   Compiling thread_local v1.1.9
   Compiling constant_time_eq v0.3.1
   Compiling rfd v0.16.0
   Compiling bytemuck v1.25.0
   Compiling crc-catalog v2.4.0
   Compiling byteorder-lite v0.1.0
   Compiling hex v0.4.3
   Compiling minimal-lexical v0.2.1
   Compiling iri-string v0.7.10
   Compiling error-code v3.3.2
   Compiling base64 v0.13.1
   Compiling constant_time_eq v0.1.5
   Compiling parking v2.2.1
   Compiling clipboard-win v5.4.1
   Compiling futures-lite v2.6.1
   Compiling nom v7.1.3
   Compiling rust-argon2 v1.0.0
   Compiling stronghold_engine v2.0.1
   Compiling crc v3.4.0
   Compiling tracing-subscriber v0.3.22
   Compiling stronghold-utils v1.0.0
   Compiling windows-strings v0.1.0
   Compiling tower-http v0.6.8
   Compiling image v0.25.9
   Compiling devtools-wire-format v0.5.3
   Compiling notify-debouncer-full v0.6.0
   Compiling tonic-health v0.10.2
   Compiling tonic-web v0.10.2
   Compiling futures v0.3.31
   Compiling hyper-tls v0.6.0
   Compiling hashbrown v0.14.5
   Compiling dirs-sys v0.4.1
   Compiling serde_urlencoded v0.7.1
   Compiling open v5.3.3
   Compiling rustls-pki-types v1.14.0
   Compiling bincode v1.3.3
   Compiling windows-interface v0.58.0
   Compiling windows-implement v0.58.0
   Compiling ringbuf v0.4.8
   Compiling utf8-width v0.1.8
   Compiling zip v2.4.2
   Compiling reqwest v0.12.28
   Compiling byte-unit v5.2.0
   Compiling hashlink v0.9.1
   Compiling tao v0.34.5
   Compiling tauri-winrt-notification v0.7.2
   Compiling iota_stronghold v2.1.0
   Compiling devtools-core v0.3.6
   Compiling zstd v0.13.3
   Compiling auto-launch v0.5.0
   Compiling notify-rust v4.12.0
   Compiling bzip2 v0.5.2
   Compiling arboard v3.6.1
   Compiling eventsource-stream v0.2.3
   Compiling lzma-rs v0.3.0
   Compiling rust-argon2 v2.1.0
   Compiling webview2-com v0.38.2
   Compiling app v0.1.0 (D:\Project\Cognia\src-tauri)
   Compiling rand v0.9.2
   Compiling local-ip-address v0.5.7
   Compiling global-hotkey v0.7.0
   Compiling colored v2.2.0
   Compiling sha1 v0.10.6
   Compiling os_info v3.14.0
   Compiling windows-core v0.58.0
   Compiling shared_child v1.1.1
   Compiling os_pipe v1.2.3
   Compiling home v0.5.12
   Compiling windows-registry v0.5.3
   Compiling fern v0.7.1
   Compiling gethostname v1.1.0
   Compiling deflate64 v0.1.10
   Compiling futures-timer v3.0.3
   Compiling fallible-iterator v0.3.0
   Compiling sys-locale v0.3.2
   Compiling unsafe-libyaml v0.2.11
   Compiling fallible-streaming-iterator v0.1.9
   Compiling winsafe v0.0.19
   Compiling windows v0.58.0
   Compiling reqwest-eventsource v0.6.0
   Compiling dirs v5.0.1
   Compiling directories v5.0.1
   Compiling rusqlite v0.31.0
   Compiling winreg v0.52.0
   Compiling tempfile v3.24.0
   Compiling serde_yaml v0.9.34+deprecated
   Compiling mouse_position v0.1.4
   Compiling rdev v0.5.3
   Compiling chrono v0.4.43
   Compiling nanoid v0.4.0
   Compiling quick-xml v0.31.0
   Compiling urlencoding v2.1.3
   Compiling which v6.0.3
   Compiling xz2 v0.1.7
   Compiling tauri-plugin-single-instance v2.4.0
   Compiling git2 v0.19.0
